Este es un test funcional
Línea 2
Línea 3